
	init_runtime

	allocated 32 bytes, now at 32 bytesAllocated

	handle_args: 00007ff6acb9d0c0

	_ddp_string_from_constant: ret: 0000015396269a00

	allocated 64 bytes, now at 96 bytesAllocated

	_ddp_string_from_constant: ret: 0000015396269a10

	allocated 15 bytes, now at 111 bytesAllocated

	allocated 48 bytes, now at 159 bytesAllocated

	_ddp_string_from_constant: ret: 00000001001ff8d0

	allocated 4 bytes, now at 163 bytesAllocated

	_ddp_string_from_constant: ret: 00000001001ff8c0

	allocated 4 bytes, now at 167 bytesAllocated

	_ddp_deep_copy_string: 00000001001ff7a0, ret: 00000001001ff7e8

	freed 0 bytes, now at 167 bytesAllocated

	_ddp_string_string_verkettet: 00000001001ff7e8, 0000015396269aa0, ret: 00000001001ff7f8

	_ddp_deep_copy_string: 0000015396269aa0, ret: 00000001001ff7f8

	allocated 4 bytes, now at 171 bytesAllocated

	free_string: 00000001001ff7e8

	freed 0 bytes, now at 171 bytesAllocated

	_ddp_string_char_verkettet: 00000001001ff7f8, ret: 00000001001ff7c8

	allocated 1 bytes, now at 172 bytesAllocated

	free_string: 00000001001ff7a0

	freed 0 bytes, now at 172 bytesAllocated

	free_string: 00000001001ff7f8

	freed 0 bytes, now at 172 bytesAllocated

	_ddp_deep_copy_string: 00000001001ff7a0, ret: 00000001001ff7e8

	allocated 5 bytes, now at 177 bytesAllocated

	_ddp_string_string_verkettet: 00000001001ff7e8, 0000015396269ab0, ret: 00000001001ff7f8

	_ddp_string_char_verkettet: 00000001001ff7f8, ret: 00000001001ff7c8

	allocated 1 bytes, now at 178 bytesAllocated

	free_string: 00000001001ff7a0

	freed 5 bytes, now at 173 bytesAllocated

	free_string: 00000001001ff7f8

	freed 0 bytes, now at 173 bytesAllocated

	_ddp_deep_copy_string: 00000001001ff7a0, ret: 00000001001ff7d8

	allocated 6 bytes, now at 179 bytesAllocated

	_ddp_string_string_verkettet: 00000001001ff7d8, 0000015396269ac0, ret: 00000001001ff7b8

	allocated 3 bytes, now at 182 bytesAllocated

	free_string: 00000001001ff7a0

	freed 6 bytes, now at 176 bytesAllocated

	_ddp_deep_copy_string: 00000001001ff7a0, ret: 00000001001ff8e0

	allocated 9 bytes, now at 185 bytesAllocated

	free_string: 00000001001ff7a0

	freed 9 bytes, now at 176 bytesAllocated

	free_string: 0000015396269aa0

	freed 4 bytes, now at 172 bytesAllocated

	free_string: 0000015396269ab0

	freed 0 bytes, now at 172 bytesAllocated

	free_string: 0000015396269ac0

	freed 4 bytes, now at 168 bytesAllocated

	freed 48 bytes, now at 120 bytesAllocated

	free_string: 00000001001ff8e0

	freed 9 bytes, now at 111 bytesAllocated

	end_runtime

	free_string: 0000015396269a00

	freed 64 bytes, now at 47 bytesAllocated

	free_string: 0000015396269a10

	freed 15 bytes, now at 32 bytesAllocated

	freed 32 bytes, now at 0 bytesAllocated
